node:internal/modules/cjs/loader:1408
  throw err;
  ^

Error: Cannot find module 'dotenv'
Require stack:
- /opt/homebrew/Cellar/node/23.10.0_1/bin/[eval]
    at Function._resolveFilename (node:internal/modules/cjs/loader:1405:15)
    at defaultResolveImpl (node:internal/modules/cjs/loader:1061:19)
    at resolveForCJSWithHooks (node:internal/modules/cjs/loader:1066:22)
    at Function._load (node:internal/modules/cjs/loader:1215:37)
    at TracingChannel.traceSync (node:diagnostics_channel:322:14)
    at wrapModuleLoad (node:internal/modules/cjs/loader:235:24)
    at Module.require (node:internal/modules/cjs/loader:1491:12)
    at require (node:internal/modules/helpers:135:16)
    at [eval]:1:1
    at runScriptInThisContext (node:internal/vm:209:10) {
  code: 'MODULE_NOT_FOUND',
  requireStack: [ '/opt/homebrew/Cellar/node/23.10.0_1/bin/[eval]' ]
}

Node.js v23.10.0
