rm: .next: Operation not permitted
/opt/homebrew/lib/node_modules/npm/lib/cli/validate-engines.js:29
    throw err
    ^

Error: EPERM: operation not permitted, uv_cwd
    at process.wrappedCwd (node:internal/bootstrap/switches/does_own_process_state:142:28)
    at process.cwd (/opt/homebrew/lib/node_modules/npm/node_modules/graceful-fs/polyfills.js:10:19)
    at new Config (/opt/homebrew/lib/node_modules/npm/node_modules/@npmcli/config/lib/index.js:79:19)
    at new Npm (/opt/homebrew/lib/node_modules/npm/lib/npm.js:67:19)
    at module.exports (/opt/homebrew/lib/node_modules/npm/lib/cli/entry.js:14:15)
    at module.exports (/opt/homebrew/lib/node_modules/npm/lib/cli/validate-engines.js:37:10)
    at module.exports (/opt/homebrew/lib/node_modules/npm/lib/cli.js:12:31)
    at Object.<anonymous> (/opt/homebrew/lib/node_modules/npm/bin/npm-cli.js:2:25)
    at Module._compile (node:internal/modules/cjs/loader:1734:14)
    at Object..js (node:internal/modules/cjs/loader:1899:10) {
  errno: -1,
  code: 'EPERM',
  syscall: 'uv_cwd'
}

Node.js v23.10.0
